[2026-10-09 06:22:02,029] [INFO] =====================================================
[2026-10-09 06:22:02,029] [INFO]   Modern Crest Private Bank - Telegram Bot Daemon   
[2026-10-09 06:22:02,029] [INFO]   Bot Target: @Crestprivatebankbot
[2026-10-09 06:22:02,029] [INFO]   Authorized Admins: ['bjorn0000', 'crypto_nij']
[2026-10-09 06:22:02,029] [INFO] =====================================================
[2026-10-09 06:22:02,029] [INFO] Local Sync & Notification API running on http://0.0.0.0:5055
[2026-10-09 06:22:02,029] [INFO] Initializing Modern Crest Telegram Bot polling loop...
[2026-10-09 06:22:02,623] [INFO] Discovered initial admin chats: [8828015300, 5038100074]
[2026-10-09 06:27:01,493] [WARNING] Telegram 409 Conflict detected (another poller active). Backing off for 3 seconds...
[2026-10-09 06:27:10,567] [WARNING] Telegram 409 Conflict detected (another poller active). Backing off for 3 seconds...
[2026-10-09 06:35:34,627] [WARNING] Telegram 409 Conflict detected (another poller active). Backing off for 3 seconds...
[2026-10-09 06:40:56,282] [WARNING] Telegram 409 Conflict detected (another poller active). Backing off for 3 seconds...
[2026-10-09 06:45:57,180] [WARNING] Telegram 409 Conflict detected (another poller active). Backing off for 3 seconds...
[2026-10-09 06:46:04,909] [WARNING] Telegram 409 Conflict detected (another poller active). Backing off for 3 seconds...
[2026-10-09 06:46:56,742] [WARNING] Telegram 409 Conflict detected (another poller active). Backing off for 3 seconds...
[2026-10-09 06:47:47,628] [WARNING] Telegram 409 Conflict detected (another poller active). Backing off for 3 seconds...
[2026-10-09 06:53:21,118] [WARNING] Telegram 409 Conflict detected (another poller active). Backing off for 3 seconds...
[2026-10-09 06:53:48,602] [WARNING] Telegram 409 Conflict detected (another poller active). Backing off for 3 seconds...
[2026-10-09 06:53:52,647] [WARNING] Telegram 409 Conflict detected (another poller active). Backing off for 3 seconds...
[2026-10-09 06:55:44,351] [WARNING] Telegram 409 Conflict detected (another poller active). Backing off for 3 seconds...
[2026-10-09 07:07:40,544] [WARNING] Network connection interrupted. Retrying in 1s...
[2026-10-09 07:54:41,192] [WARNING] Network connection interrupted. Retrying in 2s...
[2026-10-09 07:55:13,248] [WARNING] Network connection interrupted. Retrying in 4s...
[2026-10-09 07:59:26,220] [WARNING] Network connection interrupted. Retrying in 8s...
[2026-10-09 08:00:04,316] [WARNING] Network connection interrupted. Retrying in 16s...
[2026-10-09 08:02:46,190] [WARNING] Network connection interrupted. Retrying in 30s...
[2026-10-09 08:04:43,320] [WARNING] Network connection interrupted. Retrying in 30s...
[2026-10-09 08:06:42,197] [WARNING] Network connection interrupted. Retrying in 30s...
[2026-10-09 08:08:39,416] [WARNING] Network connection interrupted. Retrying in 30s...
[2026-10-09 08:10:37,599] [WARNING] Network connection interrupted. Retrying in 30s...
[2026-10-09 08:12:35,531] [WARNING] Network connection interrupted. Retrying in 30s...
[2026-10-09 08:14:33,515] [WARNING] Network connection interrupted. Retrying in 30s...
[2026-10-09 08:16:31,296] [WARNING] Network connection interrupted. Retrying in 30s...
[2026-10-09 08:19:26,703] [WARNING] Network connection interrupted. Retrying in 30s...
[2026-10-09 08:21:25,465] [WARNING] Network connection interrupted. Retrying in 30s...
[2026-10-09 08:24:23,822] [WARNING] Network connection interrupted. Retrying in 30s...
[2026-10-09 08:25:52,487] [WARNING] Network connection interrupted. Retrying in 30s...
[2026-10-09 10:06:15,007] [WARNING] Network connection interrupted. Retrying in 30s...
[2026-10-09 10:06:45,028] [WARNING] Network connection interrupted. Retrying in 30s...
[2026-10-09 11:07:29,990] [WARNING] Network connection interrupted. Retrying in 30s...
[2026-10-09 11:08:00,006] [WARNING] Network connection interrupted. Retrying in 30s...
[2026-10-09 12:08:34,464] [WARNING] Network connection interrupted. Retrying in 30s...
[2026-10-09 12:09:04,486] [WARNING] Network connection interrupted. Retrying in 30s...
